Model Information:
* title:	Golden NFT Card in a flashy display scene
* source:	https://sketchfab.com/3d-models/golden-nft-card-in-a-flashy-display-scene-581c053865e743ccb49f3f1883d5f66c
* author:	Jesse21 (https://sketchfab.com/JesseTwentyOne)

Model License:
* license type:	CC-BY-4.0 (http://creativecommons.org/licenses/by/4.0/)
* requirements:	Author must be credited. Commercial use is allowed.

If you use this 3D model in your project be sure to copy paste this credit wherever you share it:
This work is based on "Golden NFT Card in a flashy display scene" (https://sketchfab.com/3d-models/golden-nft-card-in-a-flashy-display-scene-581c053865e743ccb49f3f1883d5f66c) by Jesse21 (https://sketchfab.com/JesseTwentyOne) licensed under CC-BY-4.0 (http://creativecommons.org/licenses/by/4.0/)